INFO:     Started server process [11182]
INFO:     Waiting for application startup.
INFO:     Application startup complete.
INFO:     Uvicorn running on http://0.0.0.0:8000 (Press CTRL+C to quit)
INFO:     127.0.0.1:63980 - "POST /kb/ingest HTTP/1.1" 500 Internal Server Error
ERROR:    Exception in ASGI application
Traceback (most recent call last):
  File "/Users/harshtripathi/Projects/ethico-kb/.venv/lib/python3.14/site-packages/uvicorn/protocols/http/httptools_impl.py", line 401, in run_asgi
    result = await app(  # type: ignore[func-returns-value]
             ^^^^^^^^^^^^^^^^^^^^^^^^^^^^^^^^^^^^^^^^^^^^^^
        self.scope, self.receive, self.send
        ^^^^^^^^^^^^^^^^^^^^^^^^^^^^^^^^^^^
    )
    ^
  File "/Users/harshtripathi/Projects/ethico-kb/.venv/lib/python3.14/site-packages/uvicorn/middleware/proxy_headers.py", line 70, in __call__
    return await self.app(scope, receive, send)
           ^^^^^^^^^^^^^^^^^^^^^^^^^^^^^^^^^^^^
  File "/Users/harshtripathi/Projects/ethico-kb/.venv/lib/python3.14/site-packages/fastapi/applications.py", line 1054, in __call__
    await super().__call__(scope, receive, send)
  File "/Users/harshtripathi/Projects/ethico-kb/.venv/lib/python3.14/site-packages/starlette/applications.py", line 113, in __call__
    await self.middleware_stack(scope, receive, send)
  File "/Users/harshtripathi/Projects/ethico-kb/.venv/lib/python3.14/site-packages/starlette/middleware/errors.py", line 187, in __call__
    raise exc
  File "/Users/harshtripathi/Projects/ethico-kb/.venv/lib/python3.14/site-packages/starlette/middleware/errors.py", line 165, in __call__
    await self.app(scope, receive, _send)
  File "/Users/harshtripathi/Projects/ethico-kb/.venv/lib/python3.14/site-packages/starlette/middleware/exceptions.py", line 62, in __call__
    await wrap_app_handling_exceptions(self.app, conn)(scope, receive, send)
  File "/Users/harshtripathi/Projects/ethico-kb/.venv/lib/python3.14/site-packages/starlette/_exception_handler.py", line 62, in wrapped_app
    raise exc
  File "/Users/harshtripathi/Projects/ethico-kb/.venv/lib/python3.14/site-packages/starlette/_exception_handler.py", line 51, in wrapped_app
    await app(scope, receive, sender)
  File "/Users/harshtripathi/Projects/ethico-kb/.venv/lib/python3.14/site-packages/starlette/routing.py", line 715, in __call__
    await self.middleware_stack(scope, receive, send)
  File "/Users/harshtripathi/Projects/ethico-kb/.venv/lib/python3.14/site-packages/starlette/routing.py", line 735, in app
    await route.handle(scope, receive, send)
  File "/Users/harshtripathi/Projects/ethico-kb/.venv/lib/python3.14/site-packages/starlette/routing.py", line 288, in handle
    await self.app(scope, receive, send)
  File "/Users/harshtripathi/Projects/ethico-kb/.venv/lib/python3.14/site-packages/starlette/routing.py", line 76, in app
    await wrap_app_handling_exceptions(app, request)(scope, receive, send)
  File "/Users/harshtripathi/Projects/ethico-kb/.venv/lib/python3.14/site-packages/starlette/_exception_handler.py", line 62, in wrapped_app
    raise exc
  File "/Users/harshtripathi/Projects/ethico-kb/.venv/lib/python3.14/site-packages/starlette/_exception_handler.py", line 51, in wrapped_app
    await app(scope, receive, sender)
  File "/Users/harshtripathi/Projects/ethico-kb/.venv/lib/python3.14/site-packages/starlette/routing.py", line 73, in app
    response = await f(request)
               ^^^^^^^^^^^^^^^^
  File "/Users/harshtripathi/Projects/ethico-kb/.venv/lib/python3.14/site-packages/fastapi/routing.py", line 301, in app
    raw_response = await run_endpoint_function(
                   ^^^^^^^^^^^^^^^^^^^^^^^^^^^^
    ...<3 lines>...
    )
    ^
  File "/Users/harshtripathi/Projects/ethico-kb/.venv/lib/python3.14/site-packages/fastapi/routing.py", line 214, in run_endpoint_function
    return await run_in_threadpool(dependant.call, **values)
           ^^^^^^^^^^^^^^^^^^^^^^^^^^^^^^^^^^^^^^^^^^^^^^^^^
  File "/Users/harshtripathi/Projects/ethico-kb/.venv/lib/python3.14/site-packages/starlette/concurrency.py", line 39, in run_in_threadpool
    return await anyio.to_thread.run_sync(func, *args)
           ^^^^^^^^^^^^^^^^^^^^^^^^^^^^^^^^^^^^^^^^^^^
  File "/Users/harshtripathi/Projects/ethico-kb/.venv/lib/python3.14/site-packages/anyio/to_thread.py", line 56, in run_sync
    return await get_async_backend().run_sync_in_worker_thread(
           ^^^^^^^^^^^^^^^^^^^^^^^^^^^^^^^^^^^^^^^^^^^^^^^^^^^^
        func, args, abandon_on_cancel=abandon_on_cancel, limiter=limiter
        ^^^^^^^^^^^^^^^^^^^^^^^^^^^^^^^^^^^^^^^^^^^^^^^^^^^^^^^^^^^^^^^^
    )
    ^
  File "/Users/harshtripathi/Projects/ethico-kb/.venv/lib/python3.14/site-packages/anyio/_backends/_asyncio.py", line 2485, in run_sync_in_worker_thread
    return await future
           ^^^^^^^^^^^^
  File "/Users/harshtripathi/Projects/ethico-kb/.venv/lib/python3.14/site-packages/anyio/_backends/_asyncio.py", line 976, in run
    result = context.run(func, *args)
  File "/Users/harshtripathi/Projects/ethico-kb/src/main.py", line 45, in ingest
    results = google_search(query, num=k)
  File "/Users/harshtripathi/Projects/ethico-kb/src/websearch.py", line 19, in google_search
    r.raise_for_status()
    ~~~~~~~~~~~~~~~~~~^^
  File "/Users/harshtripathi/Projects/ethico-kb/.venv/lib/python3.14/site-packages/httpx/_models.py", line 763, in raise_for_status
    raise HTTPStatusError(message, request=request, response=self)
httpx.HTTPStatusError: Client error '401 Unauthorized' for url 'https://serpapi.com/search.json?engine=google&q=FDCPA%201692d%20harassment%20site%3Alaw.cornell.edu%20OR%20site%3Aconsumerfinance.gov%20OR%20site%3Aecfr.gov%20OR%20site%3Aftc.gov&api_key=&num=8&gl=us&hl=en'
For more information check: https://developer.mozilla.org/en-US/docs/Web/HTTP/Status/401
INFO:     127.0.0.1:64008 - "POST /kb/search HTTP/1.1" 200 OK
INFO:     127.0.0.1:50328 - "GET / HTTP/1.1" 404 Not Found
INFO:     192.168.1.1:45088 - "GET / HTTP/1.1" 404 Not Found
INFO:     192.168.1.192:56333 - "GET / HTTP/1.1" 404 Not Found
INFO:     ('192.168.1.192', 56372) - "WebSocket /" 403
INFO:     connection rejected (403 Forbidden)
INFO:     connection closed
INFO:     192.168.1.192:56375 - "GET /loginMsg.js HTTP/1.1" 404 Not Found
INFO:     192.168.1.192:56376 - "GET /cgi/get.cgi?cmd=home_login HTTP/1.1" 404 Not Found
INFO:     192.168.1.1:59418 - "GET / HTTP/1.1" 404 Not Found
